// Jest Snapshot v1, https://goo.gl/fbAQLP

exports[`Home matches a snapshot 1`] = `
Array [
  <section
    className="sc-bxivhb jpJyTk"
  >
    <header>
      <h1
        className="warble"
      >
        Warble
      </h1>
      <nav
        className="nav"
      >
        <a
          href="/home"
          name="home"
          onClick={[Function]}
        >
          <span>
            Home
          </span>
          <svg
            alt="home link"
            aria-hidden="true"
            className="svg-inline--fa fa-home fa-w-18 home"
            data-icon="home"
            data-prefix="fas"
            focusable="false"
            role="img"
            style={Object {}}
            viewBox="0 0 576 512"
            xmlns="http://www.w3.org/2000/svg"
          >
            <path
              d="M280.37 148.26L96 300.11V464a16 16 0 0 0 16 16l112.06-.29a16 16 0 0 0 15.92-16V368a16 16 0 0 1 16-16h64a16 16 0 0 1 16 16v95.64a16 16 0 0 0 16 16.05L464 480a16 16 0 0 0 16-16V300L295.67 148.26a12.19 12.19 0 0 0-15.3 0zM571.6 251.47L488 182.56V44.05a12 12 0 0 0-12-12h-56a12 12 0 0 0-12 12v72.61L318.47 43a48 48 0 0 0-61 0L4.34 251.47a12 12 0 0 0-1.6 16.9l25.5 31A12 12 0 0 0 45.15 301l235.22-193.74a12.19 12.19 0 0 1 15.3 0L530.9 301a12 12 0 0 0 16.9-1.6l25.5-31a12 12 0 0 0-1.7-16.93z"
              fill="currentColor"
              style={Object {}}
            />
          </svg>
        </a>
        <section
          className="sc-htpNat jAdRHI"
        >
          <button
            onClick={[Function]}
            type="submit"
          >
            <img
              alt="logo"
              src="https://res.cloudinary.com/khortsch/image/upload/v1552673467/logo.png"
            />
          </button>
        </section>
        <a
          href="/profile"
          name="profile"
          onClick={[Function]}
        >
          <img
            alt="prof pic link"
            src="https://res.cloudinary.com/khortsch/image/upload/v1552673467/prof-pic.png"
            width="40px"
          />
          <span>
            Profile
          </span>
        </a>
      </nav>
    </header>
  </section>,
  <section
    className="sc-VigVT goHndl"
  >
    <div
      className="sc-gZMcBi jZrjmQ"
    >
      <aside
        className="sc-iwsKbI hOhYWj"
      >
        <img
          alt="background"
          className="background"
          src="https://res.cloudinary.com/khortsch/image/upload/v1552673467/background_8.44.32_PM.jpg"
        />
        <div
          className="main"
        >
          <img
            alt="prof pic"
            className="profpic"
            src=""
          />
          <div
            className="header"
          >
            <h3>
              
            </h3>
            <p>
              @
              
            </p>
          </div>
        </div>
        <table>
          <thead>
            <tr>
              <th>
                Chirps
              </th>
              <th>
                Followers
              </th>
              <th>
                Following
              </th>
            </tr>
          </thead>
          <tbody>
            <tr>
              <td>
                593
              </td>
              <td>
                388
              </td>
              <td>
                301
              </td>
            </tr>
          </tbody>
        </table>
      </aside>
      <aside
        className="sc-bZQynM kLxNdX"
      >
        <h3>
          Trending
        </h3>
        <ul
          className="sc-EHOje mQOyW"
        >
          <li
            className="sc-ifAKCX tCKvm"
          >
            #Bro
          </li>
          <li
            className="sc-ifAKCX tCKvm"
          >
            #Blessed
          </li>
          <li
            className="sc-ifAKCX tCKvm"
          >
            #NoFilter
          </li>
          <li
            className="sc-ifAKCX tCKvm"
          >
            #HumbleBrag
          </li>
          <li
            className="sc-ifAKCX tCKvm"
          >
            #JustSaying
          </li>
          <li
            className="sc-ifAKCX tCKvm"
          >
            #NationalWineDay
          </li>
          <li
            className="sc-ifAKCX tCKvm"
          >
            #RipCity
          </li>
          <li
            className="sc-ifAKCX tCKvm"
          >
            #WCW
          </li>
          <li
            className="sc-ifAKCX tCKvm"
          >
            #MCM
          </li>
        </ul>
      </aside>
    </div>
    <div
      className="sc-gqjmRU dhjaUv"
    >
      <main
        className="sc-htoDjs hMztiY"
      >
        <h2>
          Popular Chirps
        </h2>
        <label>
          <input
            name="search"
            onChange={[Function]}
            placeholder="Search"
            type="text"
            value=""
          />
        </label>
        <ul />
      </main>
    </div>
  </section>,
]
`;
