// Jest Snapshot v1, https://goo.gl/fbAQLP

exports[`NewChirp matches a snapshot 1`] = `
<section
  className="sc-bdVaJa gQsXKm"
>
  <div
    className="body"
  >
    <img
      alt="prof pic"
      height="40px"
      src="https://res.cloudinary.com/khortsch/image/upload/v1552673467/prof-pic.png"
    />
    <form>
      <label>
        <span>
          Post
        </span>
        <input
          name="chirp"
        />
      </label>
      <button
        className="chirpbutton"
        type="submit"
      >
        Chirp!
      </button>
    </form>
  </div>
</section>
`;
