// Jest Snapshot v1, https://goo.gl/fbAQLP

exports[`PopularChirps matches a snapshot 1`] = `
<main
  className="sc-bwzfXH jwTdiD"
>
  <h2>
    Popular Chirps
  </h2>
  <label>
    <input
      name="search"
      placeholder="Search"
      type="text"
    />
  </label>
  <ul>
    <li>
      <section
        className="sc-bdVaJa jaDQod"
      >
        <img
          alt="prof-pic"
          height="40px"
          src="some image"
        />
        <div
          className="info"
        >
          <h4
            className="name"
          >
            kristin
          </h4>
          <p
            className="handle"
          >
            kh
          </p>
          <p
            className="body"
          >
            hi
          </p>
        </div>
      </section>
    </li>
  </ul>
</main>
`;
