// Jest Snapshot v1, https://goo.gl/fbAQLP

exports[`PopularChirps matches a snapshot 1`] = `
<main
  className="sc-bwzfXH cweYKB"
>
  <h2>
    Popular Chirps
  </h2>
  <ul>
    <li>
      <section
        className="sc-bdVaJa fUZEIA"
      >
        <img
          alt="prof-pic"
          height="40px"
          src="../../assets/prof-pic.png"
        />
        <div
          className="info"
        >
          <h4>
            UserName
          </h4>
          <p
            className="handle"
          >
            @userhandle
          </p>
          <p>
            My name is somewhat extravagant, and I want to cut back. Its the good costumes, all year long. #mybite #randomtweet
          </p>
        </div>
      </section>
    </li>
    <li>
      <section
        className="sc-bdVaJa fUZEIA"
      >
        <img
          alt="prof-pic"
          height="40px"
          src="../../assets/prof-pic.png"
        />
        <div
          className="info"
        >
          <h4>
            UserName
          </h4>
          <p
            className="handle"
          >
            @userhandle
          </p>
          <p>
            My name is somewhat extravagant, and I want to cut back. Its the good costumes, all year long. #mybite #randomtweet
          </p>
        </div>
      </section>
    </li>
    <li>
      <section
        className="sc-bdVaJa fUZEIA"
      >
        <img
          alt="prof-pic"
          height="40px"
          src="../../assets/prof-pic.png"
        />
        <div
          className="info"
        >
          <h4>
            UserName
          </h4>
          <p
            className="handle"
          >
            @userhandle
          </p>
          <p>
            My name is somewhat extravagant, and I want to cut back. Its the good costumes, all year long. #mybite #randomtweet
          </p>
        </div>
      </section>
    </li>
    <li>
      <section
        className="sc-bdVaJa fUZEIA"
      >
        <img
          alt="prof-pic"
          height="40px"
          src="../../assets/prof-pic.png"
        />
        <div
          className="info"
        >
          <h4>
            UserName
          </h4>
          <p
            className="handle"
          >
            @userhandle
          </p>
          <p>
            My name is somewhat extravagant, and I want to cut back. Its the good costumes, all year long. #mybite #randomtweet
          </p>
        </div>
      </section>
    </li>
    <li>
      <section
        className="sc-bdVaJa fUZEIA"
      >
        <img
          alt="prof-pic"
          height="40px"
          src="../../assets/prof-pic.png"
        />
        <div
          className="info"
        >
          <h4>
            UserName
          </h4>
          <p
            className="handle"
          >
            @userhandle
          </p>
          <p>
            My name is somewhat extravagant, and I want to cut back. Its the good costumes, all year long. #mybite #randomtweet
          </p>
        </div>
      </section>
    </li>
  </ul>
</main>
`;
