// Jest Snapshot v1, https://goo.gl/fbAQLP

exports[`Trending matches a snapshot 1`] = `
<aside
  className="sc-htpNat bdCFJT"
>
  <h3>
    Trending
  </h3>
  <ul
    className="sc-bwzfXH qSXGG"
  >
    <li
      className="sc-bdVaJa BwNPC"
    >
      #Bro
    </li>
    <li
      className="sc-bdVaJa BwNPC"
    >
      #Blessed
    </li>
    <li
      className="sc-bdVaJa BwNPC"
    >
      #NoFilter
    </li>
    <li
      className="sc-bdVaJa BwNPC"
    >
      #HumbleBrag
    </li>
    <li
      className="sc-bdVaJa BwNPC"
    >
      #JustSaying
    </li>
    <li
      className="sc-bdVaJa BwNPC"
    >
      #NationalWineDay
    </li>
    <li
      className="sc-bdVaJa BwNPC"
    >
      #RipCity
    </li>
    <li
      className="sc-bdVaJa BwNPC"
    >
      #WCW
    </li>
    <li
      className="sc-bdVaJa BwNPC"
    >
      #MCM
    </li>
  </ul>
</aside>
`;
